--- Starting trial 0 ---
Trial params: {}
|===========================================================================|
|                  PyTorch CUDA memory summary, device ID 0                 |
|---------------------------------------------------------------------------|
|            CUDA OOMs: 0            |        cudaMalloc retries: 0         |
|===========================================================================|
|        Metric         | Cur Usage  | Peak Usage | Tot Alloc  | Tot Freed  |
|---------------------------------------------------------------------------|
| Allocated memory      |      0 B   |      0 B   |      0 B   |      0 B   |
|       from large pool |      0 B   |      0 B   |      0 B   |      0 B   |
|       from small pool |      0 B   |      0 B   |      0 B   |      0 B   |
|---------------------------------------------------------------------------|
| Active memory         |      0 B   |      0 B   |      0 B   |      0 B   |
|       from large pool |      0 B   |      0 B   |      0 B   |      0 B   |
|       from small pool |      0 B   |      0 B   |      0 B   |      0 B   |
|---------------------------------------------------------------------------|
| Requested memory      |      0 B   |      0 B   |      0 B   |      0 B   |
|       from large pool |      0 B   |      0 B   |      0 B   |      0 B   |
|       from small pool |      0 B   |      0 B   |      0 B   |      0 B   |
|---------------------------------------------------------------------------|
| GPU reserved memory   |      0 B   |      0 B   |      0 B   |      0 B   |
|       from large pool |      0 B   |      0 B   |      0 B   |      0 B   |
|       from small pool |      0 B   |      0 B   |      0 B   |      0 B   |
|---------------------------------------------------------------------------|
| Non-releasable memory |      0 B   |      0 B   |      0 B   |      0 B   |
|       from large pool |      0 B   |      0 B   |      0 B   |      0 B   |
|       from small pool |      0 B   |      0 B   |      0 B   |      0 B   |
|---------------------------------------------------------------------------|
| Allocations           |       0    |       0    |       0    |       0    |
|       from large pool |       0    |       0    |       0    |       0    |
|       from small pool |       0    |       0    |       0    |       0    |
|---------------------------------------------------------------------------|
| Active allocs         |       0    |       0    |       0    |       0    |
|       from large pool |       0    |       0    |       0    |       0    |
|       from small pool |       0    |       0    |       0    |       0    |
|---------------------------------------------------------------------------|
| GPU reserved segments |       0    |       0    |       0    |       0    |
|       from large pool |       0    |       0    |       0    |       0    |
|       from small pool |       0    |       0    |       0    |       0    |
|---------------------------------------------------------------------------|
| Non-releasable allocs |       0    |       0    |       0    |       0    |
|       from large pool |       0    |       0    |       0    |       0    |
|       from small pool |       0    |       0    |       0    |       0    |
|---------------------------------------------------------------------------|
| Oversize allocations  |       0    |       0    |       0    |       0    |
|---------------------------------------------------------------------------|
| Oversize GPU segments |       0    |       0    |       0    |       0    |
|===========================================================================|

Starting training with hyperparameters: {'d_state': 33, 'd_conv': 14, 'expand': 2, 'batch_size': 34, 'dropout_rate': 0.3353718116721191, 'num_mamba_layers': 2, 'n_mfcc': 12, 'n_fft': 259, 'hop_length': 270, 'n_mels': 41, 'lr': 0.0012304102134292453, 'weight_decay': 6.640212259014595e-05}
Epoch 0 - Training Loss: 1.9905, Training Accuracy: 30.86%
Epoch 0 - Validation Loss: 1.7135, Validation Accuracy: 38.24%
Epoch 0 - Test Accuracy: 63.56%
Epoch 1 - Training Loss: 1.6129, Training Accuracy: 44.90%
Epoch 1 - Validation Loss: 1.5467, Validation Accuracy: 43.31%
Epoch 1 - Test Accuracy: 73.05%
Epoch 2 - Training Loss: 1.4114, Training Accuracy: 52.02%
Epoch 2 - Validation Loss: 1.2223, Validation Accuracy: 56.35%
Epoch 2 - Test Accuracy: 78.63%
Epoch 3 - Training Loss: 1.2726, Training Accuracy: 56.93%
Epoch 3 - Validation Loss: 1.1406, Validation Accuracy: 60.26%
Epoch 3 - Test Accuracy: 79.94%
Epoch 4 - Training Loss: 1.1805, Training Accuracy: 60.14%
Epoch 4 - Validation Loss: 0.9162, Validation Accuracy: 67.33%
Epoch 4 - Test Accuracy: 81.70%
Epoch 5 - Training Loss: 1.1191, Training Accuracy: 62.32%
Epoch 5 - Validation Loss: 0.9940, Validation Accuracy: 65.31%
Epoch 5 - Test Accuracy: 82.60%
Epoch 6 - Training Loss: 1.0688, Training Accuracy: 64.15%
Epoch 6 - Validation Loss: 0.9909, Validation Accuracy: 66.06%
Epoch 6 - Test Accuracy: 83.52%
Epoch 7 - Training Loss: 1.0324, Training Accuracy: 65.33%
Epoch 7 - Validation Loss: 0.8928, Validation Accuracy: 69.04%
Epoch 7 - Test Accuracy: 85.03%
Epoch 8 - Training Loss: 1.0080, Training Accuracy: 66.01%
Epoch 8 - Validation Loss: 0.7105, Validation Accuracy: 75.20%
Epoch 8 - Test Accuracy: 85.85%
Epoch 9 - Training Loss: 0.9767, Training Accuracy: 67.26%
Epoch 9 - Validation Loss: 0.8797, Validation Accuracy: 69.75%
Epoch 9 - Test Accuracy: 85.79%
Epoch 10 - Training Loss: 0.9567, Training Accuracy: 67.85%
Epoch 10 - Validation Loss: 0.8613, Validation Accuracy: 70.66%
Epoch 10 - Test Accuracy: 86.58%
Epoch 11 - Training Loss: 0.9437, Training Accuracy: 68.27%
Epoch 11 - Validation Loss: 0.8246, Validation Accuracy: 71.87%
Epoch 11 - Test Accuracy: 87.28%
Epoch 12 - Training Loss: 0.9218, Training Accuracy: 69.10%
Epoch 12 - Validation Loss: 0.7894, Validation Accuracy: 73.03%
Epoch 12 - Test Accuracy: 87.16%
Epoch 13 - Training Loss: 0.8740, Training Accuracy: 70.71%
Epoch 13 - Validation Loss: 0.7665, Validation Accuracy: 73.79%
Stopping training at epoch 14 due to early stopping
Final test accuracy: 87.16%
Final validation accuracy: 73.79%, Model size: 78092
|===========================================================================|
|                  PyTorch CUDA memory summary, device ID 0                 |
|---------------------------------------------------------------------------|
|            CUDA OOMs: 0            |        cudaMalloc retries: 0         |
|===========================================================================|
|        Metric         | Cur Usage  | Peak Usage | Tot Alloc  | Tot Freed  |
|---------------------------------------------------------------------------|
| Allocated memory      |  18229 KiB |  44921 KiB |   2596 GiB |   2596 GiB |
|       from large pool |  16640 KiB |  25132 KiB |    680 GiB |    680 GiB |
|       from small pool |   1589 KiB |  19789 KiB |   1916 GiB |   1916 GiB |
|---------------------------------------------------------------------------|
| Active memory         |  18229 KiB |  44921 KiB |   2596 GiB |   2596 GiB |
|       from large pool |  16640 KiB |  25132 KiB |    680 GiB |    680 GiB |
|       from small pool |   1589 KiB |  19789 KiB |   1916 GiB |   1916 GiB |
|---------------------------------------------------------------------------|
| Requested memory      |  18199 KiB |  44883 KiB |   2594 GiB |   2594 GiB |
|       from large pool |  16640 KiB |  25130 KiB |    679 GiB |    679 GiB |
|       from small pool |   1559 KiB |  19753 KiB |   1914 GiB |   1914 GiB |
|---------------------------------------------------------------------------|
| GPU reserved memory   |  51200 KiB |  63488 KiB |  63488 KiB |  12288 KiB |
|       from large pool |  40960 KiB |  40960 KiB |  40960 KiB |      0 KiB |
|       from small pool |  10240 KiB |  22528 KiB |  22528 KiB |  12288 KiB |
|---------------------------------------------------------------------------|
| Non-releasable memory |  32971 KiB |  33649 KiB |   2851 GiB |   2851 GiB |
|       from large pool |  24320 KiB |  24320 KiB |    680 GiB |    680 GiB |
|       from small pool |   8651 KiB |   9646 KiB |   2171 GiB |   2171 GiB |
|---------------------------------------------------------------------------|
| Allocations           |     133    |     175    |    7665 K  |    7665 K  |
|       from large pool |       2    |       8    |     458 K  |     458 K  |
|       from small pool |     131    |     170    |    7206 K  |    7206 K  |
|---------------------------------------------------------------------------|
| Active allocs         |     133    |     175    |    7665 K  |    7665 K  |
|       from large pool |       2    |       8    |     458 K  |     458 K  |
|       from small pool |     131    |     170    |    7206 K  |    7206 K  |
|---------------------------------------------------------------------------|
| GPU reserved segments |       7    |      13    |      13    |       6    |
|       from large pool |       2    |       2    |       2    |       0    |
|       from small pool |       5    |      11    |      11    |       6    |
|---------------------------------------------------------------------------|
| Non-releasable allocs |       9    |      21    |    2327 K  |    2327 K  |
|       from large pool |       2    |       3    |      70 K  |      70 K  |
|       from small pool |       7    |      19    |    2257 K  |    2257 K  |
|---------------------------------------------------------------------------|
| Oversize allocations  |       0    |       0    |       0    |       0    |
|---------------------------------------------------------------------------|
| Oversize GPU segments |       0    |       0    |       0    |       0    |
|===========================================================================|

--- Ending trial 0 ---
--- Starting trial 1 ---
Trial params: {}
|===========================================================================|
|                  PyTorch CUDA memory summary, device ID 0                 |
|---------------------------------------------------------------------------|
|            CUDA OOMs: 0            |        cudaMalloc retries: 0         |
|===========================================================================|
|        Metric         | Cur Usage  | Peak Usage | Tot Alloc  | Tot Freed  |
|---------------------------------------------------------------------------|
| Allocated memory      |  16640 KiB |  44921 KiB |   2596 GiB |   2596 GiB |
|       from large pool |  16640 KiB |  25132 KiB |    680 GiB |    680 GiB |
|       from small pool |      0 KiB |  19789 KiB |   1916 GiB |   1916 GiB |
|---------------------------------------------------------------------------|
| Active memory         |  16640 KiB |  44921 KiB |   2596 GiB |   2596 GiB |
|       from large pool |  16640 KiB |  25132 KiB |    680 GiB |    680 GiB |
|       from small pool |      0 KiB |  19789 KiB |   1916 GiB |   1916 GiB |
|---------------------------------------------------------------------------|
| Requested memory      |  16640 KiB |  44883 KiB |   2594 GiB |   2594 GiB |
|       from large pool |  16640 KiB |  25130 KiB |    679 GiB |    679 GiB |
|       from small pool |      0 KiB |  19753 KiB |   1914 GiB |   1914 GiB |
|---------------------------------------------------------------------------|
| GPU reserved memory   |  51200 KiB |  63488 KiB |  63488 KiB |  12288 KiB |
|       from large pool |  40960 KiB |  40960 KiB |  40960 KiB |      0 KiB |
|       from small pool |  10240 KiB |  22528 KiB |  22528 KiB |  12288 KiB |
|---------------------------------------------------------------------------|
| Non-releasable memory |  24320 KiB |  33979 KiB |   2851 GiB |   2851 GiB |
|       from large pool |  24320 KiB |  24320 KiB |    680 GiB |    680 GiB |
|       from small pool |      0 KiB |   9659 KiB |   2171 GiB |   2171 GiB |
|---------------------------------------------------------------------------|
| Allocations           |       2    |     175    |    7665 K  |    7665 K  |
|       from large pool |       2    |       8    |     458 K  |     458 K  |
|       from small pool |       0    |     170    |    7206 K  |    7206 K  |
|---------------------------------------------------------------------------|
| Active allocs         |       2    |     175    |    7665 K  |    7665 K  |
|       from large pool |       2    |       8    |     458 K  |     458 K  |
|       from small pool |       0    |     170    |    7206 K  |    7206 K  |
|---------------------------------------------------------------------------|
| GPU reserved segments |       7    |      13    |      13    |       6    |
|       from large pool |       2    |       2    |       2    |       0    |
|       from small pool |       5    |      11    |      11    |       6    |
|---------------------------------------------------------------------------|
| Non-releasable allocs |       2    |      21    |    2327 K  |    2327 K  |
|       from large pool |       2    |       3    |      70 K  |      70 K  |
|       from small pool |       0    |      19    |    2257 K  |    2257 K  |
|---------------------------------------------------------------------------|
| Oversize allocations  |       0    |       0    |       0    |       0    |
|---------------------------------------------------------------------------|
| Oversize GPU segments |       0    |       0    |       0    |       0    |
|===========================================================================|

Starting training with hyperparameters: {'d_state': 14, 'd_conv': 31, 'expand': 4, 'batch_size': 16, 'dropout_rate': 0.4143149450310959, 'num_mamba_layers': 8, 'n_mfcc': 7, 'n_fft': 706, 'hop_length': 248, 'n_mels': 84, 'lr': 0.0022606700449895913, 'weight_decay': 9.645125760472594e-06}
--- Starting trial 2 ---
Trial params: {}
|===========================================================================|
|                  PyTorch CUDA memory summary, device ID 0                 |
|---------------------------------------------------------------------------|
|            CUDA OOMs: 0            |        cudaMalloc retries: 0         |
|===========================================================================|
|        Metric         | Cur Usage  | Peak Usage | Tot Alloc  | Tot Freed  |
|---------------------------------------------------------------------------|
| Allocated memory      |      0 B   |      0 B   |      0 B   |      0 B   |
|       from large pool |      0 B   |      0 B   |      0 B   |      0 B   |
|       from small pool |      0 B   |      0 B   |      0 B   |      0 B   |
|---------------------------------------------------------------------------|
| Active memory         |      0 B   |      0 B   |      0 B   |      0 B   |
|       from large pool |      0 B   |      0 B   |      0 B   |      0 B   |
|       from small pool |      0 B   |      0 B   |      0 B   |      0 B   |
|---------------------------------------------------------------------------|
| Requested memory      |      0 B   |      0 B   |      0 B   |      0 B   |
|       from large pool |      0 B   |      0 B   |      0 B   |      0 B   |
|       from small pool |      0 B   |      0 B   |      0 B   |      0 B   |
|---------------------------------------------------------------------------|
| GPU reserved memory   |      0 B   |      0 B   |      0 B   |      0 B   |
|       from large pool |      0 B   |      0 B   |      0 B   |      0 B   |
|       from small pool |      0 B   |      0 B   |      0 B   |      0 B   |
|---------------------------------------------------------------------------|
| Non-releasable memory |      0 B   |      0 B   |      0 B   |      0 B   |
|       from large pool |      0 B   |      0 B   |      0 B   |      0 B   |
|       from small pool |      0 B   |      0 B   |      0 B   |      0 B   |
|---------------------------------------------------------------------------|
| Allocations           |       0    |       0    |       0    |       0    |
|       from large pool |       0    |       0    |       0    |       0    |
|       from small pool |       0    |       0    |       0    |       0    |
|---------------------------------------------------------------------------|
| Active allocs         |       0    |       0    |       0    |       0    |
|       from large pool |       0    |       0    |       0    |       0    |
|       from small pool |       0    |       0    |       0    |       0    |
|---------------------------------------------------------------------------|
| GPU reserved segments |       0    |       0    |       0    |       0    |
|       from large pool |       0    |       0    |       0    |       0    |
|       from small pool |       0    |       0    |       0    |       0    |
|---------------------------------------------------------------------------|
| Non-releasable allocs |       0    |       0    |       0    |       0    |
|       from large pool |       0    |       0    |       0    |       0    |
|       from small pool |       0    |       0    |       0    |       0    |
|---------------------------------------------------------------------------|
| Oversize allocations  |       0    |       0    |       0    |       0    |
|---------------------------------------------------------------------------|
| Oversize GPU segments |       0    |       0    |       0    |       0    |
|===========================================================================|

Starting training with hyperparameters: {'d_state': 45, 'd_conv': 58, 'expand': 4, 'batch_size': 38, 'dropout_rate': 0.05343637741042315, 'num_mamba_layers': 6, 'n_mfcc': 38, 'n_fft': 669, 'hop_length': 625, 'n_mels': 55, 'lr': 0.0011585820465676482, 'weight_decay': 7.287930256316444e-06}
Epoch 0 - Training Loss: 2.1715, Training Accuracy: 22.41%
Epoch 0 - Validation Loss: 1.9498, Validation Accuracy: 24.10%
Epoch 0 - Test Accuracy: 46.89%
Epoch 1 - Training Loss: 1.7884, Training Accuracy: 37.26%
Epoch 1 - Validation Loss: 1.4958, Validation Accuracy: 43.31%
Epoch 1 - Test Accuracy: 67.38%
Epoch 2 - Training Loss: 1.5169, Training Accuracy: 47.34%
Epoch 2 - Validation Loss: 1.2376, Validation Accuracy: 54.99%
Epoch 2 - Test Accuracy: 74.76%
Epoch 3 - Training Loss: 1.3637, Training Accuracy: 53.15%
Epoch 3 - Validation Loss: 1.0665, Validation Accuracy: 60.43%
Epoch 3 - Test Accuracy: 78.63%
Epoch 4 - Training Loss: 1.2746, Training Accuracy: 56.12%
Epoch 4 - Validation Loss: 1.0096, Validation Accuracy: 61.59%
Epoch 4 - Test Accuracy: 79.30%
Epoch 5 - Training Loss: 1.2156, Training Accuracy: 58.16%
Epoch 5 - Validation Loss: 1.0243, Validation Accuracy: 63.28%
Epoch 5 - Test Accuracy: 81.60%
Epoch 6 - Training Loss: 1.1591, Training Accuracy: 60.09%
Epoch 6 - Validation Loss: 1.0428, Validation Accuracy: 63.11%
Epoch 6 - Test Accuracy: 82.13%
Epoch 7 - Training Loss: 1.1175, Training Accuracy: 61.55%
Epoch 7 - Validation Loss: 0.9675, Validation Accuracy: 65.23%
Epoch 7 - Test Accuracy: 82.68%
Epoch 8 - Training Loss: 1.0819, Training Accuracy: 62.80%
Epoch 8 - Validation Loss: 0.7644, Validation Accuracy: 72.01%
Epoch 8 - Test Accuracy: 84.52%
Epoch 9 - Training Loss: 1.0612, Training Accuracy: 63.68%
Epoch 9 - Validation Loss: 0.7599, Validation Accuracy: 72.84%
Epoch 9 - Test Accuracy: 83.99%
Epoch 10 - Training Loss: 1.0342, Training Accuracy: 64.52%
Epoch 10 - Validation Loss: 0.6842, Validation Accuracy: 75.73%
Epoch 10 - Test Accuracy: 85.85%
Epoch 11 - Training Loss: 1.0081, Training Accuracy: 65.52%
Epoch 11 - Validation Loss: 0.7546, Validation Accuracy: 72.09%
Epoch 11 - Test Accuracy: 85.30%
Epoch 12 - Training Loss: 0.9917, Training Accuracy: 66.01%
Epoch 12 - Validation Loss: 0.5708, Validation Accuracy: 80.25%
Epoch 12 - Test Accuracy: 85.73%
Epoch 13 - Training Loss: 0.9745, Training Accuracy: 66.57%
Epoch 13 - Validation Loss: 0.5567, Validation Accuracy: 79.92%
Epoch 13 - Test Accuracy: 86.44%
Epoch 14 - Training Loss: 0.9610, Training Accuracy: 67.26%
Epoch 14 - Validation Loss: 0.5888, Validation Accuracy: 79.09%
Epoch 14 - Test Accuracy: 85.30%
Epoch 15 - Training Loss: 0.9541, Training Accuracy: 67.54%
Epoch 15 - Validation Loss: 0.7010, Validation Accuracy: 74.88%
Epoch 15 - Test Accuracy: 86.50%
Epoch 16 - Training Loss: 0.9386, Training Accuracy: 68.11%
Epoch 16 - Validation Loss: 0.6376, Validation Accuracy: 77.74%
Epoch 16 - Test Accuracy: 86.89%
Epoch 17 - Training Loss: 0.9285, Training Accuracy: 68.20%
